Microsoft (R) Macro Assembler Version 6.11		    01/03/25 08:42:12
tempfile.asm						     Page 1 - 1


 0000				DATAS SEGMENT
				    ;此处输入数据段代码  
 0000 05			    X DB 5
 0001 07			    Y DB 7
 0002 00			    MAX DB 0
 0003				DATAS ENDS

 0000				STACKS SEGMENT
				    ;此处输入堆栈段代码
 0000				STACKS ENDS

 0000				CODES SEGMENT
				    ASSUME CS:CODES,DS:DATAS,SS:STACKS
 0000				START:
 0000  B8 ---- R		    MOV AX,DATAS
 0003  8E D8			    MOV DS,AX
				    ;此处输入代码段代码
 0005  BE 0000 R		    mov SI,offset x
 0008  BB 0001 R		    MOV bx,OFFSET Y
 000B  8A 0C			    MOV CL,[SI]
 000D  8A 2F			    MOV CH,[BX]
 000F  38 E9			    CMP CL,CH
 0011  77 0F			    JA L_MAX
 0013  88 2E 0002 R		    MOV MAX,CH
 0017  8A D5			    MOV DL,CH
 0019  80 C2 30			    ADD DL,'0'
 001C  B4 02			    MOV AH,2
 001E  CD 21			    INT 21H
 0020  EB 0D			    JMP DONE
 0022				    L_MAX:
 0022  88 0E 0002 R		    MOV MAX,CL    
 0026  8A D1			    MOV DL,CL
 0028  80 C2 30			    ADD DL,'0'
 002B  B4 02			    MOV AH,2
 002D  CD 21			    INT 21H
 002F				    DONE:
 002F  B4 4C			    MOV AH,4CH
 0031  CD 21			    INT 21H
 0033				CODES ENDS
				    END START

Microsoft (R) Macro Assembler Version 6.11		    01/03/25 08:42:12
tempfile.asm						     Symbols 2 - 1




Segments and Groups:

                N a m e                 Size     Length   Align   Combine Class

CODES  . . . . . . . . . . . . .	16 Bit	 0033	  Para	  Private 
DATAS  . . . . . . . . . . . . .	16 Bit	 0003	  Para	  Private 
STACKS . . . . . . . . . . . . .	16 Bit	 0000	  Para	  Private 


Symbols:

                N a m e                 Type     Value    Attr

DONE . . . . . . . . . . . . . .	L Near	 002F	  CODES	
L_MAX  . . . . . . . . . . . . .	L Near	 0022	  CODES	
MAX  . . . . . . . . . . . . . .	Byte	 0002	  DATAS	
START  . . . . . . . . . . . . .	L Near	 0000	  CODES	
X  . . . . . . . . . . . . . . .	Byte	 0000	  DATAS	
Y  . . . . . . . . . . . . . . .	Byte	 0001	  DATAS	

	   0 Warnings
	   0 Errors
